ASxxxx Linker V03.00 + NoICE + sdld,  page 1.
Hexadecimal  [32-Bits]

Area                                    Addr        Size        Decimal Bytes (Attributes)
--------------------------------        ----        ----        ------- ----- ------------
CABS                                00000000    00000000 =           0. bytes (ABS,CON,CODE)

      Value  Global                              Global Defined In Module
      -----  --------------------------------   ------------------------
C:   00000000  l_BIT_BANK                      
C:   00000000  l_BSEG                          
C:   00000000  l_BSEG_BYTES                    
C:   00000000  l_CABS                          
C:   00000000  l_GSINIT1                       
C:   00000000  l_GSINIT5                       
C:   00000000  l_IABS                          
C:   00000000  l_ISEG                          
C:   00000000  l_OSEG                          
C:   00000000  l_PSEG                          
C:   00000000  l_REG_BANK_1                    
C:   00000000  l_REG_BANK_2                    
C:   00000000  l_REG_BANK_3                    
C:   00000000  l_RSEG                          
C:   00000000  l_RSEG0                         
C:   00000000  l_RSEG1                         
C:   00000000  l_XABS                          
C:   00000000  l_XINIT                         
C:   00000000  l_XISEG                         
C:   00000000  l_XSEG                          
C:   00000000  l__CODE                         
C:   00000000  s_BSEG                          
C:   00000000  s_CABS                          
C:   00000000  s_DSEG                          
C:   00000000  s_HOME                          
C:   00000000  s_IABS                          
C:   00000000  s_ISEG                          
C:   00000000  s_REG_BANK_0                    
C:   00000000  s_RSEG                          
C:   00000000  s_RSEG0                         
C:   00000000  s_RSEG1                         
C:   00000000  s_XABS                          
C:   00000001  s_PSEG                          
C:   00000001  s_XISEG                         
C:   00000001  s_XSEG                          
C:   00000003  l_GSFINAL                       
C:   00000003  l_GSINIT                        
C:   00000003  l_GSINIT0                       
C:   00000006  l_HOME                          
C:   00000006  s_GSINIT0                       
C:   00000008  l_REG_BANK_0                    
C:   00000008  s_REG_BANK_1                    
C:   00000009  s_GSINIT1                       
C:   00000009  s_GSINIT2                       
C:   0000000A  l_GSINIT2                       
C:   00000010  s_REG_BANK_2                    
C:   00000013  s_GSINIT3                       
C:   00000016  s_SSEG                          
C:   00000018  s_BIT_BANK                      
C:   00000018  s_OSEG                          
ASxxxx Linker V03.00 + NoICE + sdld,  page 2.
Hexadecimal  [32-Bits]

Area                                    Addr        Size        Decimal Bytes (Attributes)
--------------------------------        ----        ----        ------- ----- ------------
CABS                                00000000    00000000 =           0. bytes (ABS,CON,CODE)

      Value  Global                              Global Defined In Module
      -----  --------------------------------   ------------------------
C:   00000018  s_REG_BANK_3                    
C:   00000020  s_BSEG_BYTES                    
C:   00000020  s__CODE                         
C:   00000022  l_GSINIT3                       
C:   00000023  l_CONST                         
C:   0000002A  l_GSINIT4                       
C:   00000035  s_GSINIT4                       
C:   0000005F  s_GSINIT                        
C:   0000005F  s_GSINIT5                       
C:   00000062  s_GSFINAL                       
C:   00000065  s_CSEG                          
C:   00000080  l_DSEG                          
C:   000000DF  l_CSEG                          
C:   000000EA  l_SSEG                          
C:   00000100  l_IRAM                          
C:   00000144  s_CONST                         
C:   00000167  s_XINIT                         

ASxxxx Linker V03.00 + NoICE + sdld,  page 3.
Hexadecimal  [32-Bits]

Area                                    Addr        Size        Decimal Bytes (Attributes)
--------------------------------        ----        ----        ------- ----- ------------
.  .ABS.                            00000000    00000000 =           0. bytes (ABS,CON)

      Value  Global                              Global Defined In Module
      -----  --------------------------------   ------------------------
     00000000  .__.ABS.                           _startup
     00000080  _P0                                hi
     00000080  _P0_0                              hi
     00000081  _P0_1                              hi
     00000081  _SP                                hi
     00000082  _DPL                               hi
     00000082  _P0_2                              hi
     00000083  _DPH                               hi
     00000083  _P0_3                              hi
     00000084  _P0_4                              hi
     00000085  _P0_5                              hi
     00000086  _P0_6                              hi
     00000087  _P0_7                              hi
     00000087  _PCON                              hi
     00000088  _IT0                               hi
     00000088  _TCON                              hi
     00000089  _IE0                               hi
     00000089  _TMOD                              hi
     0000008A  _IT1                               hi
     0000008A  _TL0                               hi
     0000008B  _IE1                               hi
     0000008B  _TL1                               hi
     0000008C  _TH0                               hi
     0000008C  _TR0                               hi
     0000008D  _TF0                               hi
     0000008D  _TH1                               hi
     0000008E  _TR1                               hi
     0000008F  _TF1                               hi
     00000090  _P1                                hi
     00000090  _P1_0                              hi
     00000091  _P1_1                              hi
     00000092  _P1_2                              hi
     00000093  _P1_3                              hi
     00000094  _P1_4                              hi
     00000095  _P1_5                              hi
     00000096  _P1_6                              hi
     00000097  _P1_7                              hi
     00000098  _RI                                hi
     00000098  _SCON                              hi
     00000099  _SBUF                              hi
     00000099  _TI                                hi
     0000009A  _RB8                               hi
     0000009B  _TB8                               hi
     0000009C  _REN                               hi
     0000009D  _SM2                               hi
     0000009E  _SM1                               hi
     0000009F  _SM0                               hi
     000000A0  _P2                                hi
     000000A0  _P2_0                              hi
     000000A0  __XPAGE                            
ASxxxx Linker V03.00 + NoICE + sdld,  page 4.
Hexadecimal  [32-Bits]

Area                                    Addr        Size        Decimal Bytes (Attributes)
--------------------------------        ----        ----        ------- ----- ------------
.  .ABS.                            00000000    00000000 =           0. bytes (ABS,CON)

      Value  Global                              Global Defined In Module
      -----  --------------------------------   ------------------------
     000000A1  _P2_1                              hi
     000000A2  _P2_2                              hi
     000000A3  _P2_3                              hi
     000000A4  _P2_4                              hi
     000000A5  _P2_5                              hi
     000000A6  _P2_6                              hi
     000000A7  _P2_7                              hi
     000000A8  _EX0                               hi
     000000A8  _IE                                hi
     000000A9  _ET0                               hi
     000000AA  _EX1                               hi
     000000AB  _ET1                               hi
     000000AC  _ES                                hi
     000000AD  _ET2                               hi
     000000AF  _EA                                hi
     000000B0  _P3                                hi
     000000B0  _P3_0                              hi
     000000B0  _RXD                               hi
     000000B1  _P3_1                              hi
     000000B1  _TXD                               hi
     000000B2  _INT0                              hi
     000000B2  _P3_2                              hi
     000000B3  _INT1                              hi
     000000B3  _P3_3                              hi
     000000B4  _P3_4                              hi
     000000B4  _T0                                hi
     000000B5  _P3_5                              hi
     000000B5  _T1                                hi
     000000B6  _P3_6                              hi
     000000B6  _WR                                hi
     000000B7  _P3_7                              hi
     000000B7  _RD                                hi
     000000B8  _IP                                hi
     000000B8  _PX0                               hi
     000000B9  _PT0                               hi
     000000BA  _PX1                               hi
     000000BB  _PT1                               hi
     000000BC  _PS                                hi
     000000BD  _PT2                               hi
     000000C8  _CP_RL2                            hi
     000000C8  _T2CON                             hi
     000000C8  _T2CON_0                           hi
     000000C9  _C_T2                              hi
     000000C9  _T2CON_1                           hi
     000000CA  _RCAP2L                            hi
     000000CA  _T2CON_2                           hi
     000000CA  _TR2                               hi
     000000CB  _EXEN2                             hi
     000000CB  _RCAP2H                            hi
     000000CB  _T2CON_3                           hi
     000000CC  _T2CON_4                           hi
ASxxxx Linker V03.00 + NoICE + sdld,  page 5.
Hexadecimal  [32-Bits]

Area                                    Addr        Size        Decimal Bytes (Attributes)
--------------------------------        ----        ----        ------- ----- ------------
.  .ABS.                            00000000    00000000 =           0. bytes (ABS,CON)

      Value  Global                              Global Defined In Module
      -----  --------------------------------   ------------------------
     000000CC  _TCLK                              hi
     000000CC  _TL2                               hi
     000000CD  _RCLK                              hi
     000000CD  _T2CON_5                           hi
     000000CD  _TH2                               hi
     000000CE  _EXF2                              hi
     000000CE  _T2CON_6                           hi
     000000CF  _T2CON_7                           hi
     000000CF  _TF2                               hi
     000000D0  _P                                 hi
     000000D0  _PSW                               hi
     000000D1  _F1                                hi
     000000D2  _OV                                hi
     000000D3  _RS0                               hi
     000000D4  _RS1                               hi
     000000D5  _F0                                hi
     000000D6  _AC                                hi
     000000D7  _CY                                hi
     000000E0  _ACC                               hi
     000000F0  _B                                 hi
     000000F5  _B_5                               _gptrget
     000000F6  _B_6                               _gptrget
     000000F7  _B_7                               _gptrget

ASxxxx Linker V03.00 + NoICE + sdld,  page 6.
Hexadecimal  [32-Bits]

Area                                    Addr        Size        Decimal Bytes (Attributes)
--------------------------------        ----        ----        ------- ----- ------------
REG_BANK_0                          00000000    00000008 =           8. bytes (REL,OVR)

      Value  Global                              Global Defined In Module
      -----  --------------------------------   ------------------------
ASxxxx Linker V03.00 + NoICE + sdld,  page 7.
Hexadecimal  [32-Bits]

Area                                    Addr        Size        Decimal Bytes (Attributes)
--------------------------------        ----        ----        ------- ----- ------------
DSEG                                00000000    00000080 =         128. bytes (REL,CON)

      Value  Global                              Global Defined In Module
      -----  --------------------------------   ------------------------
     00000008  _li                                hi
     00000009  _g_dc                              hi
     0000000A  _lbuf                              hi
ASxxxx Linker V03.00 + NoICE + sdld,  page 8.
Hexadecimal  [32-Bits]

Area                                    Addr        Size        Decimal Bytes (Attributes)
--------------------------------        ----        ----        ------- ----- ------------
SSEG                                00000016    000000EA =         234. bytes (REL,OVR)

      Value  Global                              Global Defined In Module
      -----  --------------------------------   ------------------------
     00000016  __start__stack                     hi

ASxxxx Linker V03.00 + NoICE + sdld,  page 9.
Hexadecimal  [32-Bits]

Area                                    Addr        Size        Decimal Bytes (Attributes)
--------------------------------        ----        ----        ------- ----- ------------
HOME                                00000000    00000006 =           6. bytes (REL,CON,CODE)

      Value  Global                              Global Defined In Module
      -----  --------------------------------   ------------------------
C:   00000003  __sdcc_program_startup             hi

ASxxxx Linker V03.00 + NoICE + sdld,  page 10.
Hexadecimal  [32-Bits]

Area                                    Addr        Size        Decimal Bytes (Attributes)
--------------------------------        ----        ----        ------- ----- ------------
GSINIT0                             00000006    00000003 =           3. bytes (REL,CON,CODE)

      Value  Global                              Global Defined In Module
      -----  --------------------------------   ------------------------
C:   00000006  __sdcc_gsinit_startup              

ASxxxx Linker V03.00 + NoICE + sdld,  page 11.
Hexadecimal  [32-Bits]

Area                                    Addr        Size        Decimal Bytes (Attributes)
--------------------------------        ----        ----        ------- ----- ------------
GSINIT2                             00000009    0000000A =          10. bytes (REL,CON,CODE)

      Value  Global                              Global Defined In Module
      -----  --------------------------------   ------------------------
ASxxxx Linker V03.00 + NoICE + sdld,  page 12.
Hexadecimal  [32-Bits]

Area                                    Addr        Size        Decimal Bytes (Attributes)
--------------------------------        ----        ----        ------- ----- ------------
GSINIT3                             00000013    00000022 =          34. bytes (REL,CON,CODE)

      Value  Global                              Global Defined In Module
      -----  --------------------------------   ------------------------
C:   00000013  __mcs51_genXINIT                   

ASxxxx Linker V03.00 + NoICE + sdld,  page 13.
Hexadecimal  [32-Bits]

Area                                    Addr        Size        Decimal Bytes (Attributes)
--------------------------------        ----        ----        ------- ----- ------------
GSINIT4                             00000035    0000002A =          42. bytes (REL,CON,CODE)

      Value  Global                              Global Defined In Module
      -----  --------------------------------   ------------------------
C:   00000035  __mcs51_genRAMCLEAR                
C:   0000003B  __mcs51_genXRAMCLEAR               

ASxxxx Linker V03.00 + NoICE + sdld,  page 14.
Hexadecimal  [32-Bits]

Area                                    Addr        Size        Decimal Bytes (Attributes)
--------------------------------        ----        ----        ------- ----- ------------
GSINIT                              0000005F    00000003 =           3. bytes (REL,CON,CODE)

      Value  Global                              Global Defined In Module
      -----  --------------------------------   ------------------------
ASxxxx Linker V03.00 + NoICE + sdld,  page 15.
Hexadecimal  [32-Bits]

Area                                    Addr        Size        Decimal Bytes (Attributes)
--------------------------------        ----        ----        ------- ----- ------------
GSFINAL                             00000062    00000003 =           3. bytes (REL,CON,CODE)

      Value  Global                              Global Defined In Module
      -----  --------------------------------   ------------------------
ASxxxx Linker V03.00 + NoICE + sdld,  page 16.
Hexadecimal  [32-Bits]

Area                                    Addr        Size        Decimal Bytes (Attributes)
--------------------------------        ----        ----        ------- ----- ------------
CSEG                                00000065    000000DF =         223. bytes (REL,CON,CODE)

      Value  Global                              Global Defined In Module
      -----  --------------------------------   ------------------------
C:   00000065  _tx_char                           hi
C:   0000006E  _tx_str                            hi
C:   00000099  _main                              hi
C:   00000124  __gptrget                          _gptrget
C:   00000140  __sdcc_external_startup            _startup

ASxxxx Linker V03.00 + NoICE + sdld,  page 17.
Hexadecimal  [32-Bits]

Area                                    Addr        Size        Decimal Bytes (Attributes)
--------------------------------        ----        ----        ------- ----- ------------
CONST                               00000144    00000023 =          35. bytes (REL,CON,CODE)

      Value  Global                              Global Defined In Module
      -----  --------------------------------   ------------------------
ASxxxx Linker V03.00 + NoICE + sdld,  page 18.

Files Linked                              [ module(s) ]

hi.rel                                    [  ]


Libraries Linked                          [ object file ]

/usr/local/bin/../share/sdcc/lib/small/mcs51.lib
                                          [ crtclear.rel ]
/usr/local/bin/../share/sdcc/lib/small/mcs51.lib
                                          [ crtxinit.rel ]
/usr/local/bin/../share/sdcc/lib/small/mcs51.lib
                                          [ crtxclear.rel ]
/usr/local/bin/../share/sdcc/lib/small/mcs51.lib
                                          [ crtpagesfr.rel ]
/usr/local/bin/../share/sdcc/lib/small/mcs51.lib
                                          [ crtstart.rel ]
/usr/local/bin/../share/sdcc/lib/small/libsdcc.lib
                                          [ _gptrget.rel ]
/usr/local/bin/../share/sdcc/lib/small/libsdcc.lib
                                          [ _startup.rel ]

ASxxxx Linker V03.00 + NoICE + sdld,  page 19.

User Base Address Definitions

HOME = 0x0000
XSEG = 0x0001
PSEG = 0x0001
ISEG = 0x0000
BSEG = 0x0000

