ASxxxx Linker V03.00 + NoICE + sdld,  page 1.
Hexadecimal  [32-Bits]

Area                                    Addr        Size        Decimal Bytes (Attributes)
--------------------------------        ----        ----        ------- ----- ------------
.  .ABS.                            00000000    00000000 =           0. bytes (ABS,CON)

      Value  Global                              Global Defined In Module
      -----  --------------------------------   ------------------------
     00000000  .__.ABS.                           
     00000000  _putchar                        
     00000000  l__CABS                         
     00000000  l__DABS                         
     00000000  l__DATA                         
     00000000  l__GSFINAL                      
     00000000  l__GSINIT                       
     00000000  l__HOME                         
     00000000  l__INITIALIZED                  
     00000000  l__INITIALIZER                  
     00000000  s__CABS                         
     00000000  s__DABS                         
     00000200  s__CODE                         
     00000D08  l__CODE                         
     00008000  s__DATA                         
     00008000  s__GSFINAL                      
     00008000  s__GSINIT                       
     00008000  s__HOME                         
     00008000  s__INITIALIZED                  
     00008000  s__INITIALIZER                  

ASxxxx Linker V03.00 + NoICE + sdld,  page 2.
Hexadecimal  [32-Bits]

Area                                    Addr        Size        Decimal Bytes (Attributes)
--------------------------------        ----        ----        ------- ----- ------------
_CODE                               00000200    00000D08 =        3336. bytes (REL,CON)

      Value  Global                              Global Defined In Module
      -----  --------------------------------   ------------------------
     00000200  _main                              hello
     00000222  _vprintf                           vprintf
     00000242  _printf                            vprintf
     0000037A  __print_format                     printf_large
     00000EF8  ___sdcc_call_hl                    
     00000EF9  _strlen                            
ASxxxx Linker V03.00 + NoICE + sdld,  page 3.

Files Linked                              [ module(s) ]

hello.rel                                 [ hello ]


Libraries Linked                          [ object file ]

/usr/local/bin/../share/sdcc/lib/z80/z80.lib
                                          [ vprintf.rel ]
/usr/local/bin/../share/sdcc/lib/z80/z80.lib
                                          [ printf_large.rel ]
/usr/local/bin/../share/sdcc/lib/z80/z80.lib
                                          [ __sdcc_call_hl.rel ]
/usr/local/bin/../share/sdcc/lib/z80/z80.lib
                                          [ strlen.rel ]

ASxxxx Linker V03.00 + NoICE + sdld,  page 4.

User Base Address Definitions

_CODE = 0x0200
_DATA = 0x8000


?ASlink-Warning-Undefined Global '_putchar' referenced by module 'vprintf'
